MAP
    CONFIG "MS_ERRORFILE" stderr
    DEBUG 5
    NAME "spatial security"
    STATUS ON
    TRANSPARENT ON
    EXTENT 0 40 10 54

    PROJECTION
        "init=epsg:4326"
    END

    WEB
        METADATA
            "wms_enable_request" "*"
            "wms_srs" "EPSG:4326 EPSG:4258 EPSG:31466 EPSG:31467 EPSG:31468 EPSG:25832 EPSG:3857"
        END
    END

    LAYER
        NAME "mask"
        TYPE POLYGON
        STATUS ON

        VALIDATION
            "keys" "(([0-9,])+|^'[-_0-9A-Za-z]+'$)"
            "table" "(registry_allowedwebmapserviceoperation)"
            "geom_column" "(allowed_area)"
            "key_column" "(id)"
        END

        CONNECTIONTYPE POSTGIS
        CONNECTION "host=postgis dbname=test_mrmap user=mrmap password=mrmap port=5432"


       DATA "geom FROM (
                SELECT %key_column%, ST_UnaryUnion(%geom_column%) geom 
                FROM \"%table%\" 
                WHERE %key_column% in (%keys%) 
                GROUP BY %key_column%) foo 
            USING unique %key_column% USING SRID=4326"

        CLASS
            STYLE
                COLOR 0 0 0
            END
        END
    END
END